// Jest Snapshot v1, https://goo.gl/fbAQLP

exports[`<PlanetsView /> Should render the <PlanetsView /> component. 1`] = `
<DocumentFragment>
  <div>
    <div>
      <div
        class="StyledBox-sc-13pk1d4-0 hfsUvK"
      >
        <h2
          class="StyledHeading-sc-1rdh4aw-0 yhirM"
        >
          Test Planet 1 - Home Planet
        </h2>
      </div>
    </div>
    <div>
      <div
        class="StyledBox-sc-13pk1d4-0 hfsUvK"
      >
        <h2
          class="StyledHeading-sc-1rdh4aw-0 yhirM"
        >
          Test Planet 2
        </h2>
        <div
          class="StyledBox__StyledBoxGap-sc-13pk1d4-1 hyyRSo"
        />
        <button
          class="StyledButton-sc-323bzc-0 jAPRVi"
          data-testid="travel-button-Test Planet 2"
          type="button"
        >
          <svg
            aria-label="Target"
            class="StyledIcon-ofa7kd-0 iOkQrb"
            viewBox="0 0 24 24"
          >
            <path
              d="M23,12 C23,18.075 18.075,23 12,23 C5.925,23 1,18.075 1,12 C1,5.925 5.925,1 12,1 C18.075,1 23,5.925 23,12 L23,12 Z M18,12 C18,8.691 15.309,6 12,6 C8.691,6 6,8.691 6,12 C6,15.309 8.691,18 12,18 C15.309,18 18,15.309 18,12 L18,12 Z M13,12 C13,11.448 12.552,11 12,11 C11.448,11 11,11.448 11,12 C11,12.552 11.448,13 12,13 C12.552,13 13,12.552 13,12 L13,12 Z"
              fill="none"
              stroke="#000"
              stroke-width="2"
            />
          </svg>
        </button>
        <div
          class="StyledBox__StyledBoxGap-sc-13pk1d4-1 hyyRSo"
        />
        <span
          class="StyledText-sc-1sadyjn-0 fWSbXS"
        >
          ETA: 8 minutes 20 seconds
        </span>
      </div>
    </div>
    <div>
      <div
        class="StyledBox-sc-13pk1d4-0 hfsUvK"
      >
        <h2
          class="StyledHeading-sc-1rdh4aw-0 yhirM"
        >
          Test Planet 3
        </h2>
        <div
          class="StyledBox__StyledBoxGap-sc-13pk1d4-1 hyyRSo"
        />
        <button
          class="StyledButton-sc-323bzc-0 jAPRVi"
          data-testid="travel-button-Test Planet 3"
          type="button"
        >
          <svg
            aria-label="Target"
            class="StyledIcon-ofa7kd-0 iOkQrb"
            viewBox="0 0 24 24"
          >
            <path
              d="M23,12 C23,18.075 18.075,23 12,23 C5.925,23 1,18.075 1,12 C1,5.925 5.925,1 12,1 C18.075,1 23,5.925 23,12 L23,12 Z M18,12 C18,8.691 15.309,6 12,6 C8.691,6 6,8.691 6,12 C6,15.309 8.691,18 12,18 C15.309,18 18,15.309 18,12 L18,12 Z M13,12 C13,11.448 12.552,11 12,11 C11.448,11 11,11.448 11,12 C11,12.552 11.448,13 12,13 C12.552,13 13,12.552 13,12 L13,12 Z"
              fill="none"
              stroke="#000"
              stroke-width="2"
            />
          </svg>
        </button>
        <div
          class="StyledBox__StyledBoxGap-sc-13pk1d4-1 hyyRSo"
        />
        <span
          class="StyledText-sc-1sadyjn-0 fWSbXS"
        >
          ETA: 16 minutes 40 seconds
        </span>
      </div>
    </div>
  </div>
</DocumentFragment>
`;
